// Jest Snapshot v1, https://goo.gl/fbAQLP

exports[`Editor should match the snapshot 1`] = `
<DocumentFragment>
  <div
    class="css-urh063"
  />
</DocumentFragment>
`;
